NAME={namePrefix}-{ePolicy_Account_Name}-v{document_version}-{nameSuffix}Evidence Log
Title=Tech Spec Evidence Log
Description=Tech Spec Evidence Log 
OPSS-File:Document Type=Other
OPSS-File:Active={entry.STATUS == null ? null : (entry.getString("STATUS") == 'Production' ? 'Yes' : 'No')}
OPSS-File:Abstract=This Evidence log file was migrated from ePolicy \
   Policy: CSD-{ePolicy_Account_Name}-v{epolicy_policy_version}\
   Policy File name: {CSD_Filename}.{CSD_Fileext}\
   Status: {csd_status} \
   Revision: {CSD_Revision} \
   Last Updated: {formatDate(entry.CSD_UPDATED_TS, "yyyy-MM-dd HH:mm:ss z")} \
   -----------------\
   Tech Spec File name: {techspec_filename}.{techspec_fileext} \
   Technical Specification Type: {TechSpec_TEMPLATE_POLICYTYPE_NAME} \
   Revision: {TechSpec_Revision} \
   Last Updated: {formatDate(entry.TechSpec_UPDATED_TS, "yyyy-MM-dd HH:mm:ss z")} \
   -----------------\
   Account short name: {ePolicy_Account_ShortName} \
   Country: {Country_FullName} \
   Environment: {ENVIRONMENT} \
   Sub customer: {ACCOUNT_NUMBER} \
   ----------------- \
   Attachment format: {entry.Evidence_Format == null ? null : (entry.getString("Evidence_Format") == '0' ? 'FILE' : 'MAIL')} \
   Delayed: {entry.DELAYED == null ? null : (entry.getString("DELAYED") == 'Y' ? 'Yes' : 'No')} \
   Exception: {entry.EXCEPTION == null ? null : (entry.getString("EXCEPTION") == 'Y' ? 'Yes' : 'No')} \
   Comment: {COMMENT} \
   Status type: {entry.EVIDENCE_STATUS == null ? null : entry.getString("EVIDENCE_STATUS").toUpperCase()} \
   Updated by: {UPDATED_BY} \
   Updated on: {UPDATED_TS} 
